
==== [2026-10-05 16:35:23] 0. Preflight checks (mode: multipass) ====
Tools present, credentials set, MinIO reachable.

==== [2026-10-05 16:35:23] 1. Terraform: init, plan, apply ====
Initializing the backend...

Initializing modules...

Initializing provider plugins...
- terraform.io/builtin/terraform is built in to Terraform
- Reusing previous version of hashicorp/external from the dependency lock file
- Using previously-installed hashicorp/external v2.4.2

Terraform has been successfully initialized!
module.app_server["logs"].terraform_data.vm: Refreshing state... [id=db699f97-7c8b-d1c4-93c0-d3fd03109413]
module.app_server["payments"].terraform_data.vm: Refreshing state... [id=38b7083e-0f7b-5f44-46f3-c09c03565049]
module.app_server["api"].terraform_data.vm: Refreshing state... [id=3e4a10d7-3b19-6418-6feb-fb9cff7fed59]
module.app_server["payments"].data.external.vm_info: Reading...
module.app_server["api"].data.external.vm_info: Reading...
module.app_server["logs"].data.external.vm_info: Reading...
module.app_server["api"].data.external.vm_info: Read complete after 1s [id=-]
module.app_server["payments"].data.external.vm_info: Read complete after 1s [id=-]
module.app_server["logs"].data.external.vm_info: Read complete after 1s [id=-]

No changes. Your infrastructure matches the configuration.

Terraform has compared your real infrastructure against your configuration
and found no differences, so no changes are needed.

Apply complete! Resources: 0 added, 0 changed, 0 destroyed.

Outputs:

ansible_inventory = <<EOT
# GENERATED by pipeline.sh from terraform output - do not edit by hand
[kijanikiosk]
kijanikiosk-api ansible_host=10.156.170.252 server_role=api
kijanikiosk-logs ansible_host=10.156.170.116 server_role=logs
kijanikiosk-payments ansible_host=10.156.170.117 server_role=payments

EOT
server_ips = {
  "api" = "10.156.170.252"
  "logs" = "10.156.170.116"
  "payments" = "10.156.170.117"
}
ssh_commands = {
  "api" = "ssh -i ~/.ssh/kijanikiosk ubuntu@10.156.170.252"
  "logs" = "ssh -i ~/.ssh/kijanikiosk ubuntu@10.156.170.116"
  "payments" = "ssh -i ~/.ssh/kijanikiosk ubuntu@10.156.170.117"
}

==== [2026-10-05 16:35:26] 2. Write Ansible inventory from Terraform output ====
  kijanikiosk-api 10.156.170.252
  kijanikiosk-logs 10.156.170.116
  kijanikiosk-payments 10.156.170.117

==== [2026-10-05 16:35:26] 3. Verify IPs and SSH host keys ====
  kijanikiosk-api 10.156.170.252: IP matches Multipass, host key fetched out-of-band
  kijanikiosk-logs 10.156.170.116: IP matches Multipass, host key fetched out-of-band
  kijanikiosk-payments 10.156.170.117: IP matches Multipass, host key fetched out-of-band

==== [2026-10-05 16:35:31] 4. Ansible: collections, connectivity, playbook ====
  collection ansible.posix already installed
  collection community.general already installed
kijanikiosk-payments | SUCCESS => {
    "ansible_facts": {
        "discovered_interpreter_python": "/usr/bin/python3.10"
    },
    "changed": false,
    "ping": "pong"
}
kijanikiosk-logs | SUCCESS => {
    "ansible_facts": {
        "discovered_interpreter_python": "/usr/bin/python3.10"
    },
    "changed": false,
    "ping": "pong"
}
kijanikiosk-api | SUCCESS => {
    "ansible_facts": {
        "discovered_interpreter_python": "/usr/bin/python3.10"
    },
    "changed": false,
    "ping": "pong"
}

PLAY [Configure KijaniKiosk servers] *******************************************

TASK [Gathering Facts] *********************************************************
ok: [kijanikiosk-logs]
ok: [kijanikiosk-api]
ok: [kijanikiosk-payments]

TASK [Phase 1 | Install base packages] *****************************************
ok: [kijanikiosk-api]
ok: [kijanikiosk-logs]
ok: [kijanikiosk-payments]

TASK [Phase 1 | Read current package holds] ************************************
ok: [kijanikiosk-api]
ok: [kijanikiosk-logs]
ok: [kijanikiosk-payments]

TASK [Phase 1 | Remove holds this playbook does not own (drift)] ***************
skipping: [kijanikiosk-api]
skipping: [kijanikiosk-logs]
skipping: [kijanikiosk-payments]

TASK [Phase 1 | Add NodeSource signing key] ************************************
ok: [kijanikiosk-payments]
ok: [kijanikiosk-api]
ok: [kijanikiosk-logs]

TASK [Phase 1 | Add NodeSource repository] *************************************
ok: [kijanikiosk-api]
ok: [kijanikiosk-payments]
ok: [kijanikiosk-logs]

TASK [Phase 1 | Refresh package lists if the repository was just added] ********

TASK [Phase 1 | Refresh package lists if the repository was just added] ********

TASK [Phase 1 | Refresh package lists if the repository was just added] ********

TASK [Phase 1 | Install Node.js] ***********************************************
ok: [kijanikiosk-api]
ok: [kijanikiosk-logs]
ok: [kijanikiosk-payments]

TASK [Phase 1 | Install pinned nginx] ******************************************
skipping: [kijanikiosk-logs]
skipping: [kijanikiosk-payments]
ok: [kijanikiosk-api]

TASK [Phase 1 | Hold pinned packages] ******************************************
ok: [kijanikiosk-payments] => (item=nodejs)
ok: [kijanikiosk-api] => (item=nodejs)
skipping: [kijanikiosk-payments] => (item=nginx) 
ok: [kijanikiosk-logs] => (item=nodejs)
skipping: [kijanikiosk-logs] => (item=nginx) 
ok: [kijanikiosk-api] => (item=nginx)

TASK [Phase 2 | Create shared group] *******************************************
ok: [kijanikiosk-api]
ok: [kijanikiosk-logs]
ok: [kijanikiosk-payments]

TASK [Phase 2 | Create a private group per service account] ********************
ok: [kijanikiosk-api] => (item=kk-api)
ok: [kijanikiosk-logs] => (item=kk-api)
ok: [kijanikiosk-payments] => (item=kk-api)
ok: [kijanikiosk-api] => (item=kk-payments)
ok: [kijanikiosk-api] => (item=kk-logs)
ok: [kijanikiosk-payments] => (item=kk-payments)
ok: [kijanikiosk-logs] => (item=kk-payments)
ok: [kijanikiosk-logs] => (item=kk-logs)
ok: [kijanikiosk-payments] => (item=kk-logs)

TASK [Phase 2 | Create non-login service accounts] *****************************
ok: [kijanikiosk-payments] => (item=kk-api)
ok: [kijanikiosk-api] => (item=kk-api)
ok: [kijanikiosk-logs] => (item=kk-api)
ok: [kijanikiosk-payments] => (item=kk-payments)
ok: [kijanikiosk-api] => (item=kk-payments)
ok: [kijanikiosk-payments] => (item=kk-logs)
ok: [kijanikiosk-logs] => (item=kk-payments)
ok: [kijanikiosk-api] => (item=kk-logs)
ok: [kijanikiosk-logs] => (item=kk-logs)

TASK [Phase 3 | Create directories with owners and modes] **********************
ok: [kijanikiosk-logs] => (item={'path': '/opt/kijanikiosk', 'owner': 'root', 'group': 'kijanikiosk', 'mode': '0750'})
ok: [kijanikiosk-api] => (item={'path': '/opt/kijanikiosk', 'owner': 'root', 'group': 'kijanikiosk', 'mode': '0750'})
ok: [kijanikiosk-payments] => (item={'path': '/opt/kijanikiosk', 'owner': 'root', 'group': 'kijanikiosk', 'mode': '0750'})
ok: [kijanikiosk-logs] => (item={'path': '/opt/kijanikiosk/api', 'owner': 'kk-api', 'group': 'kk-api', 'mode': '0750'})
ok: [kijanikiosk-api] => (item={'path': '/opt/kijanikiosk/api', 'owner': 'kk-api', 'group': 'kk-api', 'mode': '0750'})
ok: [kijanikiosk-payments] => (item={'path': '/opt/kijanikiosk/api', 'owner': 'kk-api', 'group': 'kk-api', 'mode': '0750'})
ok: [kijanikiosk-logs] => (item={'path': '/opt/kijanikiosk/payments', 'owner': 'kk-payments', 'group': 'kk-payments', 'mode': '0750'})
ok: [kijanikiosk-api] => (item={'path': '/opt/kijanikiosk/payments', 'owner': 'kk-payments', 'group': 'kk-payments', 'mode': '0750'})
ok: [kijanikiosk-logs] => (item={'path': '/opt/kijanikiosk/logs', 'owner': 'kk-logs', 'group': 'kk-logs', 'mode': '0750'})
ok: [kijanikiosk-payments] => (item={'path': '/opt/kijanikiosk/payments', 'owner': 'kk-payments', 'group': 'kk-payments', 'mode': '0750'})
ok: [kijanikiosk-api] => (item={'path': '/opt/kijanikiosk/logs', 'owner': 'kk-logs', 'group': 'kk-logs', 'mode': '0750'})
ok: [kijanikiosk-logs] => (item={'path': '/opt/kijanikiosk/config', 'owner': 'root', 'group': 'kijanikiosk', 'mode': '0750'})
ok: [kijanikiosk-payments] => (item={'path': '/opt/kijanikiosk/logs', 'owner': 'kk-logs', 'group': 'kk-logs', 'mode': '0750'})
ok: [kijanikiosk-api] => (item={'path': '/opt/kijanikiosk/config', 'owner': 'root', 'group': 'kijanikiosk', 'mode': '0750'})
ok: [kijanikiosk-api] => (item={'path': '/opt/kijanikiosk/scripts', 'owner': 'root', 'group': 'root', 'mode': '0750'})
ok: [kijanikiosk-logs] => (item={'path': '/opt/kijanikiosk/scripts', 'owner': 'root', 'group': 'root', 'mode': '0750'})
ok: [kijanikiosk-payments] => (item={'path': '/opt/kijanikiosk/config', 'owner': 'root', 'group': 'kijanikiosk', 'mode': '0750'})
ok: [kijanikiosk-api] => (item={'path': '/opt/kijanikiosk/shared', 'owner': 'root', 'group': 'kijanikiosk', 'mode': '0750'})
ok: [kijanikiosk-logs] => (item={'path': '/opt/kijanikiosk/shared', 'owner': 'root', 'group': 'kijanikiosk', 'mode': '0750'})
ok: [kijanikiosk-payments] => (item={'path': '/opt/kijanikiosk/scripts', 'owner': 'root', 'group': 'root', 'mode': '0750'})
ok: [kijanikiosk-api] => (item={'path': '/opt/kijanikiosk/shared/logs', 'owner': 'kk-logs', 'group': 'kk-logs', 'mode': '2770'})
ok: [kijanikiosk-logs] => (item={'path': '/opt/kijanikiosk/shared/logs', 'owner': 'kk-logs', 'group': 'kk-logs', 'mode': '2770'})
ok: [kijanikiosk-payments] => (item={'path': '/opt/kijanikiosk/shared', 'owner': 'root', 'group': 'kijanikiosk', 'mode': '0750'})
ok: [kijanikiosk-api] => (item={'path': '/opt/kijanikiosk/health', 'owner': 'kk-logs', 'group': 'kijanikiosk', 'mode': '0750'})
ok: [kijanikiosk-logs] => (item={'path': '/opt/kijanikiosk/health', 'owner': 'kk-logs', 'group': 'kijanikiosk', 'mode': '0750'})
ok: [kijanikiosk-payments] => (item={'path': '/opt/kijanikiosk/shared/logs', 'owner': 'kk-logs', 'group': 'kk-logs', 'mode': '2770'})
ok: [kijanikiosk-payments] => (item={'path': '/opt/kijanikiosk/health', 'owner': 'kk-logs', 'group': 'kijanikiosk', 'mode': '0750'})

TASK [Phase 3 | Set access ACLs on shared logs] ********************************
ok: [kijanikiosk-logs] => (item={'entity': 'kk-api', 'permissions': 'rwx'})
ok: [kijanikiosk-payments] => (item={'entity': 'kk-api', 'permissions': 'rwx'})
ok: [kijanikiosk-api] => (item={'entity': 'kk-api', 'permissions': 'rwx'})
ok: [kijanikiosk-logs] => (item={'entity': 'kk-payments', 'permissions': 'rx'})
ok: [kijanikiosk-payments] => (item={'entity': 'kk-payments', 'permissions': 'rx'})
ok: [kijanikiosk-api] => (item={'entity': 'kk-payments', 'permissions': 'rx'})

TASK [Phase 3 | Set default ACLs on shared logs (inherited by new files)] ******
ok: [kijanikiosk-logs] => (item={'entity': 'kk-api', 'permissions': 'rwx'})
ok: [kijanikiosk-api] => (item={'entity': 'kk-api', 'permissions': 'rwx'})
ok: [kijanikiosk-payments] => (item={'entity': 'kk-api', 'permissions': 'rwx'})
ok: [kijanikiosk-payments] => (item={'entity': 'kk-payments', 'permissions': 'rx'})
ok: [kijanikiosk-logs] => (item={'entity': 'kk-payments', 'permissions': 'rx'})
ok: [kijanikiosk-api] => (item={'entity': 'kk-payments', 'permissions': 'rx'})

TASK [Phase 3 | Deploy service environment file (under /opt, readable by group)] ***
ok: [kijanikiosk-payments]
ok: [kijanikiosk-logs]
ok: [kijanikiosk-api]

TASK [Phase 4 | Deploy placeholder application] ********************************
ok: [kijanikiosk-logs]
ok: [kijanikiosk-payments]
ok: [kijanikiosk-api]

TASK [Phase 4 | Deploy hardened systemd unit] **********************************
ok: [kijanikiosk-payments]
ok: [kijanikiosk-logs]
ok: [kijanikiosk-api]

TASK [Phase 4 | Apply pending systemd reload before starting] ******************

TASK [Phase 4 | Apply pending systemd reload before starting] ******************

TASK [Phase 4 | Apply pending systemd reload before starting] ******************

TASK [Phase 4 | Enable and start the role service] *****************************
ok: [kijanikiosk-api]
ok: [kijanikiosk-payments]
ok: [kijanikiosk-logs]

TASK [Phase 4 | Deploy nginx site (API server only)] ***************************
skipping: [kijanikiosk-logs]
skipping: [kijanikiosk-payments]
ok: [kijanikiosk-api]

TASK [Phase 4 | Enable nginx site] *********************************************
skipping: [kijanikiosk-logs]
skipping: [kijanikiosk-payments]
ok: [kijanikiosk-api]

TASK [Phase 4 | Disable nginx default site] ************************************
skipping: [kijanikiosk-logs]
skipping: [kijanikiosk-payments]
ok: [kijanikiosk-api]

TASK [Phase 5 | Allow required ports (SSH first, so we never lock ourselves out)] ***
ok: [kijanikiosk-api] => (item={'port': 22, 'from': 'any', 'comment': 'SSH admin access'})
ok: [kijanikiosk-logs] => (item={'port': 22, 'from': 'any', 'comment': 'SSH admin access'})
ok: [kijanikiosk-payments] => (item={'port': 22, 'from': 'any', 'comment': 'SSH admin access'})
ok: [kijanikiosk-logs] => (item={'port': '3002', 'from': '10.156.170.252', 'comment': 'log shipping from the API server'})
ok: [kijanikiosk-api] => (item={'port': 80, 'from': 'any', 'comment': 'HTTP public web via nginx'})
ok: [kijanikiosk-payments] => (item={'port': '3001', 'from': '10.156.170.252', 'comment': 'payments calls from the API server only'})
ok: [kijanikiosk-logs] => (item={'port': '3002', 'from': '10.156.170.117', 'comment': 'log shipping from the payments server'})
ok: [kijanikiosk-api] => (item={'port': '3000', 'from': '10.0.1.0/24', 'comment': 'api health check from monitoring subnet'})
ok: [kijanikiosk-logs] => (item={'port': '3002', 'from': '10.0.1.0/24', 'comment': 'logs health check from monitoring subnet'})
ok: [kijanikiosk-payments] => (item={'port': '3001', 'from': '10.0.1.0/24', 'comment': 'payments health check from monitoring subnet'})

TASK [Phase 5 | Default policy for incoming traffic] ***************************
ok: [kijanikiosk-payments]
ok: [kijanikiosk-logs]
ok: [kijanikiosk-api]

TASK [Phase 5 | Default policy for outgoing traffic] ***************************
ok: [kijanikiosk-payments]
ok: [kijanikiosk-logs]
ok: [kijanikiosk-api]

TASK [Phase 5 | Enable firewall] ***********************************************
ok: [kijanikiosk-api]
ok: [kijanikiosk-payments]
ok: [kijanikiosk-logs]

TASK [Phase 6 | Create persistent journal directory] ***************************
ok: [kijanikiosk-api]
ok: [kijanikiosk-logs]
ok: [kijanikiosk-payments]

TASK [Phase 6 | Create journald drop-in directory] *****************************
ok: [kijanikiosk-api]
ok: [kijanikiosk-logs]
ok: [kijanikiosk-payments]

TASK [Phase 6 | Configure persistent, size-capped journal] *********************
ok: [kijanikiosk-payments]
ok: [kijanikiosk-logs]
ok: [kijanikiosk-api]

TASK [Phase 7 | Configure log rotation for shared logs] ************************
ok: [kijanikiosk-logs]
ok: [kijanikiosk-payments]
ok: [kijanikiosk-api]

TASK [Verify | Run any pending handlers before checking] ***********************

TASK [Verify | Run any pending handlers before checking] ***********************

TASK [Verify | Run any pending handlers before checking] ***********************

TASK [Verify | Role service answers on its port] *******************************
ok: [kijanikiosk-logs]
ok: [kijanikiosk-payments]
ok: [kijanikiosk-api]

TASK [Verify | Challenge D - payments account can read its environment file] ***
skipping: [kijanikiosk-api]
skipping: [kijanikiosk-logs]
ok: [kijanikiosk-payments]

TASK [Verify | Read kk-payments security exposure score] ***********************
skipping: [kijanikiosk-api]
skipping: [kijanikiosk-logs]
ok: [kijanikiosk-payments]

TASK [Verify | Requirement 5 - kk-payments scores below the target] ************
skipping: [kijanikiosk-api]
skipping: [kijanikiosk-logs]
ok: [kijanikiosk-payments] => {
    "changed": false,
    "msg": "kk-payments exposure 1.5 (target below 2.5)"
}

PLAY RECAP *********************************************************************
kijanikiosk-api            : ok=30   changed=0    unreachable=0    failed=0    skipped=4    rescued=0    ignored=0   
kijanikiosk-logs           : ok=26   changed=0    unreachable=0    failed=0    skipped=8    rescued=0    ignored=0   
kijanikiosk-payments       : ok=29   changed=0    unreachable=0    failed=0    skipped=5    rescued=0    ignored=0   


==== [2026-10-05 16:36:07] 5. Done ====
Generated inventory (/home/derickharon/Moringa/DevOps15/KijaniKiosk/week4/friday/ansible/inventory.ini):
# GENERATED by pipeline.sh from terraform output - do not edit by hand
[kijanikiosk]
kijanikiosk-api ansible_host=10.156.170.252 server_role=api
kijanikiosk-logs ansible_host=10.156.170.116 server_role=logs
kijanikiosk-payments ansible_host=10.156.170.117 server_role=payments

PIPELINE SUCCEEDED
